/var/spool/slurmd/job33223846/slurm_script: line 24: /home/maror24/anaconda3/bin/activate: No such file or directory
INFO:root:Sepy- The total number of processes: 13
INFO:root:Sepy- The import year is: 2019
INFO:root:Sepy- The processor assignment is: 10
ERROR:root:Sepy- could not find flatfile type for *CLINICAL_NOTES*
INFO:root:Skipping creation of yearly pickle for 2019 -  it should already exist
INFO:root:Yearly pickle for 2019 exists
INFO:root:Sepy- The encounters path: /hpc/group/kamaleswaranlab/EmoryDataset/EMR_RAW/noPHI/2019/CJSEPSIS_ENCOUNTER_2019.dsv
INFO:root:Sepy- The year 2019 has 253611 encounters before filtering.
INFO:root:Sepy- No specific encounter filter was applied
INFO:root:Sepy- The year 2019 has 83611 encounters after filtering.
INFO:root:Sepy- The year 2019 has 83416 encounters after age filtering.
INFO:root:Sepy- The year 2019 has 83416 encounters after filtering and dropping duplicates.
INFO:root:Sepy- The ~chunk size is 6416
INFO:root:Sepy- The list of chunks has 13 unique dataframes.
INFO:root:Sepy- The process_list head:
 195285    92aeaf4ba8f4463b17109087055e94ff50221d492020c1...
195291    1265257cfa915880a06e1a9c53684591afcd70fd515cf3...
195294    2d651395d98a3f3e64a70bbea5f19b45a4da79ab1612c2...
195295    e2c2b9d4799d0185f2e9c304cee4aa837278cc2603d011...
195296    2e0c996cdaa2dd33ed4bf0ae0fc87e3b4d622d22daccba...
Name: csn, dtype: object
INFO:root:Sepy-Directory for year 2019 was set to /hpc/group/kamaleswaranlab/EmoryDataset/EMR_SuperTables_test/2019
INFO:root:Sepy- A sepyMaster instance was created for 2019
INFO:root:Making supertables
INFO:root:Sepy- Using 4 local worker processes
/var/spool/slurmd/job33223846/slurm_script: line 28: 281382 Killed                  python /hpc/home/ma618/Sepy/make_dicts.py --year $YEAR --num_processes $NUM_OF_PROCESSES --processor_assignment $SLURM_ARRAY_TASK_ID
slurmstepd: error: Detected 1 oom_kill event in StepId=33223846.batch. Some of the step tasks have been OOM Killed.
