/var/spool/slurmd/job33223845/slurm_script: line 24: /home/maror24/anaconda3/bin/activate: No such file or directory
INFO:root:Sepy- The total number of processes: 13
INFO:root:Sepy- The import year is: 2019
INFO:root:Sepy- The processor assignment is: 9
ERROR:root:Sepy- could not find flatfile type for *CLINICAL_NOTES*
INFO:root:Skipping creation of yearly pickle for 2019 -  it should already exist
INFO:root:Yearly pickle for 2019 exists
INFO:root:Sepy- The encounters path: /hpc/group/kamaleswaranlab/EmoryDataset/EMR_RAW/noPHI/2019/CJSEPSIS_ENCOUNTER_2019.dsv
INFO:root:Sepy- The year 2019 has 253611 encounters before filtering.
INFO:root:Sepy- No specific encounter filter was applied
INFO:root:Sepy- The year 2019 has 83611 encounters after filtering.
INFO:root:Sepy- The year 2019 has 83416 encounters after age filtering.
INFO:root:Sepy- The year 2019 has 83416 encounters after filtering and dropping duplicates.
INFO:root:Sepy- The ~chunk size is 6416
INFO:root:Sepy- The list of chunks has 13 unique dataframes.
INFO:root:Sepy- The process_list head:
 175856    620ded7be7a59d9350bb2db46bba60853a4d4a69bb45c2...
175866    bcb921a516efb3b766e80aab1be7aa994e871de9a31550...
175867    2451a456bda76a009ab9de00c971734e4f01badb70022b...
175868    6fc2229230b27bb7b882b5248144c8750ddea034cb2598...
175870    9594eb6a946dfee81c27764e59345126f5008930df3e78...
Name: csn, dtype: object
INFO:root:Sepy-Directory for year 2019 was set to /hpc/group/kamaleswaranlab/EmoryDataset/EMR_SuperTables_test/2019
INFO:root:Sepy- A sepyMaster instance was created for 2019
INFO:root:Making supertables
INFO:root:Sepy- Using 4 local worker processes
/var/spool/slurmd/job33223845/slurm_script: line 28: 281378 Killed                  python /hpc/home/ma618/Sepy/make_dicts.py --year $YEAR --num_processes $NUM_OF_PROCESSES --processor_assignment $SLURM_ARRAY_TASK_ID
slurmstepd: error: Detected 1 oom_kill event in StepId=33223845.batch. Some of the step tasks have been OOM Killed.
