/var/spool/slurmd/job33223844/slurm_script: line 24: /home/maror24/anaconda3/bin/activate: No such file or directory
INFO:root:Sepy- The total number of processes: 13
INFO:root:Sepy- The import year is: 2019
INFO:root:Sepy- The processor assignment is: 8
ERROR:root:Sepy- could not find flatfile type for *CLINICAL_NOTES*
INFO:root:Skipping creation of yearly pickle for 2019 -  it should already exist
INFO:root:Yearly pickle for 2019 exists
INFO:root:Sepy- The encounters path: /hpc/group/kamaleswaranlab/EmoryDataset/EMR_RAW/noPHI/2019/CJSEPSIS_ENCOUNTER_2019.dsv
INFO:root:Sepy- The year 2019 has 253611 encounters before filtering.
INFO:root:Sepy- No specific encounter filter was applied
INFO:root:Sepy- The year 2019 has 83611 encounters after filtering.
INFO:root:Sepy- The year 2019 has 83416 encounters after age filtering.
INFO:root:Sepy- The year 2019 has 83416 encounters after filtering and dropping duplicates.
INFO:root:Sepy- The ~chunk size is 6416
INFO:root:Sepy- The list of chunks has 13 unique dataframes.
INFO:root:Sepy- The process_list head:
 156443    febb6ff5ca6d9ee62ba27e5e1e879dfeab05ca332b114d...
156444    97d172e562fc1eebb6c0bbf6ae155ceed7d1e8077b454e...
156446    26b392c7b1497e9ecf6c0c3121edef108546e91129355f...
156450    5347c91ef1580c80ae658a4d17898a38047d9d94c00a43...
156459    672a5887d1009473994d9a2ca920cf719e261e86735d34...
Name: csn, dtype: object
INFO:root:Sepy-Directory for year 2019 was set to /hpc/group/kamaleswaranlab/EmoryDataset/EMR_SuperTables_test/2019
INFO:root:Sepy- A sepyMaster instance was created for 2019
INFO:root:Making supertables
INFO:root:Sepy- Using 4 local worker processes
/var/spool/slurmd/job33223844/slurm_script: line 28: 281376 Killed                  python /hpc/home/ma618/Sepy/make_dicts.py --year $YEAR --num_processes $NUM_OF_PROCESSES --processor_assignment $SLURM_ARRAY_TASK_ID
slurmstepd: error: Detected 1 oom_kill event in StepId=33223844.batch. Some of the step tasks have been OOM Killed.
